// Jest Snapshot v1, https://goo.gl/fbAQLP

exports[`Navbar renders properly 1`] = `
<div>
  <h1
    class="mt-4 mb-5 col-md-12 text-info text-center"
    style="font-family: Permanent Marker; font-size: 5em;"
  >
    Gif City
  </h1>
  <nav
    class="d-flex justify-content-center"
  >
    <ul
      class="d-flex flex-row justify-content-center "
    >
      <li>
        <a
          aria-current="page"
          class="btn btn-info nav-btn active"
          href="/"
          style="box-shadow: none;"
        >
          Trending
        </a>
      </li>
      <li>
        <a
          class="btn btn-info nav-btn"
          href="/random"
          style="box-shadow: none;"
        >
          Random
        </a>
      </li>
      <li>
        <a
          class="btn btn-info nav-btn"
          href="/search"
          style="box-shadow: none;"
        >
          Search
        </a>
      </li>
    </ul>
  </nav>
</div>
`;
